{"logTime": "1006/143517", "correlationVector":"0JLVYeRlQ182uaA/MoZKa3.1","action":"SyncServerConnectionManagerRequest", "result":"SYNC_SERVER_OK", "context":{"environment":"Prod_southeastasia_prod-s01-064-apac-southeastasia", "migrationStage":"NotStarted", "server":"akswtt00300005d"}}
{"logTime": "1006/143517", "correlationVector":"0JLVYeRlQ182uaA/MoZKa3.2","action":"ProcessGetUpdates", "result":"Done", "context":{"dataType":"History", "deleted":"0", "process_failed_to_decrypt":"0", "process_pending_decryption":"0", "process_success":"2", "total":"2"}}
{"logTime": "1006/143517", "correlationVector":"0JLVYeRlQ182uaA/MoZKa3.3","action":"GetUpdates Response", "result":"Success", "context":Received 2 update(s). cV=0JLVYeRlQ182uaA/MoZKa3.0;server=akswtt00300005d;cloudType=Consumer;environment=Prod_southeastasia_prod-s01-064-apac-southeastasia;migrationStage=NotStarted}
{"logTime": "1006/143517", "correlationVector":"hstym1wc/X46O8fgfQqoLJ","action":"Normal GetUpdate request", "result":"", "context":cV=hstym1wc/X46O8fgfQqoLJ
Nudged types: Sessions, Device Info
Refresh requested types: Bookmarks, Preferences, Passwords, Autofill Profiles, Autofill, Extensions, Sessions, Extension settings, History Delete Directives, Device Info, User Consents, Send Tab To Self, Web Apps, History, Saved Tab Group, WebAuthn Credentials, Edge Hub App Usage, Edge Workspace, Encryption Keys}
{"logTime": "1006/143517", "correlationVector":"hstym1wc/X46O8fgfQqoLJ.1","action":"SyncServerConnectionManagerRequest", "result":"SYNC_SERVER_OK", "context":{"environment":"Prod_southeastasia_prod-s01-064-apac-southeastasia", "migrationStage":"NotStarted", "server":"akswtt003000000"}}
{"logTime": "1006/143517", "correlationVector":"hstym1wc/X46O8fgfQqoLJ.2","action":"GetUpdates Response", "result":"Success", "context":Received 0 update(s). cV=hstym1wc/X46O8fgfQqoLJ.0;server=akswtt003000000;cloudType=Consumer;environment=Prod_southeastasia_prod-s01-064-apac-southeastasia;migrationStage=NotStarted}
{"logTime": "1006/143517", "correlationVector":"bh3HN5LOefLmnQoY+ZT6fb","action":"DoCompareDataConsistency requsted types: ", "result":"Bookmarks, Preferences, Passwords, Extensions, Extension settings, History Delete Directives, Send Tab To Self, Web Apps, History, Saved Tab Group, WebAuthn Credentials, Edge Workspace, Encryption Keys"}
{"logTime": "1006/143517", "correlationVector":"bh3HN5LOefLmnQoY+ZT6fb.0","action":"CompareDataConsistency result: ", "result":"Compare result: Encryption Keys is consistent. local entities count is: 1 local entities hash is: 51cIVx9NfaWDAV7Qr1yF4QZ9WMw="}
{"logTime": "1006/143517", "correlationVector":"bh3HN5LOefLmnQoY+ZT6fb.1","action":"CompareDataConsistency result: ", "result":"Compare result: Bookmarks is consistent. local entities count is: 12 local entities hash is: 3JXqVO9+8WO2++C4hCTxug/vekw="}
{"logTime": "1006/143517", "correlationVector":"bh3HN5LOefLmnQoY+ZT6fb.2","action":"CompareDataConsistency result: ", "result":"Compare result: Preferences is consistent. local entities count is: 24 local entities hash is: MKeNyOGZe6XphkOKGwH0fMPpH70="}
{"logTime": "1006/143517", "correlationVector":"bh3HN5LOefLmnQoY+ZT6fb.3","action":"CompareDataConsistency result: ", "result":"Compare result: Extensions is consistent. local entities count is: 0 local entities hash is: "}
{"logTime": "1006/143517", "correlationVector":"bh3HN5LOefLmnQoY+ZT6fb.4","action":"CompareDataConsistency result: ", "result":"Compare result: Extension settings is consistent. local entities count is: 0 local entities hash is: "}
{"logTime": "1006/143517", "correlationVector":"bh3HN5LOefLmnQoY+ZT6fb.5","action":"CompareDataConsistency result: ", "result":"Compare result: History Delete Directives is consistent. local entities count is: 0 local entities hash is: "}
{"logTime": "1006/143517", "correlationVector":"bh3HN5LOefLmnQoY+ZT6fb.6","action":"CompareDataConsistency result: ", "result":"Server did not send this Send Tab To Self local entities count is: 0 local entities hash is: "}
{"logTime": "1006/143517", "correlationVector":"bh3HN5LOefLmnQoY+ZT6fb.7","action":"CompareDataConsistency result: ", "result":"Compare result: Web Apps is consistent. local entities count is: 0 local entities hash is: "}
{"logTime": "1006/143517", "correlationVector":"bh3HN5LOefLmnQoY+ZT6fb.8","action":"CompareDataConsistency result: ", "result":"Server did not send this History local entities count is: 0 local entities hash is: "}
{"logTime": "1006/143517", "correlationVector":"bh3HN5LOefLmnQoY+ZT6fb.9","action":"CompareDataConsistency result: ", "result":"Compare result: Saved Tab Group is consistent. local entities count is: 0 local entities hash is: "}
{"logTime": "1006/143517", "correlationVector":"bh3HN5LOefLmnQoY+ZT6fb.10","action":"CompareDataConsistency result: ", "result":"Server did not send this WebAuthn Credentials local entities count is: 0 local entities hash is: "}
{"logTime": "1006/143517", "correlationVector":"bh3HN5LOefLmnQoY+ZT6fb.11","action":"CompareDataConsistency result: ", "result":"Server did not send this Edge Workspace local entities count is: 0 local entities hash is: "}
{"logTime": "1006/143517", "correlationVector":"bh3HN5LOefLmnQoY+ZT6fb.12","action":"CompareDataConsistency result: ", "result":"Compare result: Passwords is consistent. local entities count is: 0 local entities hash is: "}
{"logTime": "1006/143517", "correlationVector":"/mBylB0KOJlk0Ko3oy3OLs","action":"Commit Request", "result":"", "context":Item count: 3
Contributing types: Sessions, Device Info}
{"logTime": "1006/143517", "correlationVector":"/mBylB0KOJlk0Ko3oy3OLs.1","action":"SyncServerConnectionManagerRequest", "result":"SYNC_SERVER_OK", "context":{"environment":"Prod_southeastasia_prod-s01-064-apac-southeastasia", "migrationStage":"NotStarted", "server":"akswtt00300002e"}}
{"logTime": "1006/143517", "correlationVector":"/mBylB0KOJlk0Ko3oy3OLs.2","action":"Commit Response", "result":"Success", "context":Result: Success. cV=/mBylB0KOJlk0Ko3oy3OLs.0;server=akswtt00300002e;cloudType=Consumer;environment=Prod_southeastasia_prod-s01-064-apac-southeastasia;migrationStage=NotStarted}
{"logTime": "1006/143518", "correlationVector":"","action":"DIAGNOSTIC_REQUEST|v1/diagnosticData/Diagnostic.SendCheckResult()|SUCCESS", "result":""}
{"logTime": "1006/143518", "correlationVector":"zxq23Cd1O9M1/dnJ+rgijD","action":"Poll GetUpdate request", "result":"", "context":cV=zxq23Cd1O9M1/dnJ+rgijD}
{"logTime": "1006/143518", "correlationVector":"zxq23Cd1O9M1/dnJ+rgijD.1","action":"SyncServerConnectionManagerRequest", "result":"SYNC_SERVER_OK", "context":{"environment":"Prod_southeastasia_prod-s01-064-apac-southeastasia", "migrationStage":"NotStarted", "server":"akswtt003000000"}}
{"logTime": "1006/143518", "correlationVector":"zxq23Cd1O9M1/dnJ+rgijD.2","action":"ProcessGetUpdates", "result":"Done", "context":{"dataType":"Sessions", "deleted":"0", "process_failed_to_decrypt":"0", "process_pending_decryption":"0", "process_success":"2", "total":"2"}}
{"logTime": "1006/143518", "correlationVector":"zxq23Cd1O9M1/dnJ+rgijD.3","action":"ProcessGetUpdates", "result":"Done", "context":{"dataType":"Device Info", "deleted":"0", "process_failed_to_decrypt":"0", "process_pending_decryption":"0", "process_success":"1", "total":"1"}}
{"logTime": "1006/143518", "correlationVector":"zxq23Cd1O9M1/dnJ+rgijD.4","action":"GetUpdates Response", "result":"Success", "context":Received 3 update(s). cV=zxq23Cd1O9M1/dnJ+rgijD.0;server=akswtt003000000;cloudType=Consumer;environment=Prod_southeastasia_prod-s01-064-apac-southeastasia;migrationStage=NotStarted}
